DEADLOCK_DETECTOR:
PASSED:act_ver: false #deadlock: 0, exp: a!.a?.0 || (b!.x?.0 + (b?.0 + c?.0) )
PASSED:act_ver: false #deadlock: 0, exp: a!.a?.0 || (b!.0 + (b?.0 + c?.0) )
PASSED:act_ver: false #deadlock: 0, exp: a!.0 || (b!.0 + (b?.0 + c?.0) )
PASSED:act_ver: false #deadlock: 0, exp: a!.0 || (b?.0 + c?.0)
PASSED:act_ver: false #deadlock: 0, exp: (a!.0 + a?.0) || (b?.0 + c?.0)
PASSED:act_ver: true  #deadlock: 0, exp: a!.0 || a?.0
PASSED:act_ver: true  #deadlock: 0, exp: a!.b?.0 || a?.b!.0
PASSED:act_ver: false #deadlock: 0, exp: (a!.0 + b!.0) || (a?.0 + b?.0)
PASSED:act_ver: false #deadlock: 0, exp: (a!.0 || b!.0) || (a?.0 + b?.0)
PASSED:act_ver: true  #deadlock: 0, exp: (a!.0 || b!.0) || (a?.b?.0 + b?.a?.0)
PASSED:act_ver: false #deadlock: 0, exp: a!.0 || (a?.0 + 0)
PASSED:act_ver: true  #deadlock: 0, exp: (a!.(b!.c!.0 || b?.c?.d?.0) || a?.d!.0)
PASSED:act_ver: false #deadlock: 0, exp: a?.(c?.0 + d?.0) || a!.e!.0
PASSED:act_ver: true  #deadlock: 2, exp: (a!.a?.0 || b?.b!.0) + c!.c?.0, resolved: ((c!.0 || c?.0) + (((b!.0 || a!.0) || b?.0) || a?.0))
PASSED:act_ver: true  #deadlock: 2, exp: (a!.a?.0 || b?.b!.c?.c!.0) + c!.c?.0, resolved: ((c!.0 || c?.0) + (((b!.(c!.0 || c?.0) || a!.0) || b?.0) || a?.0))
FAILED: a!.0 || (b!.b?.a?.0 + a?.0) :RESOLVED
 passed_act_ver: 0: true, 1: true
 Deadlocked:
  orig:
   (b!.b?.a?.0 || a!.0)
  mine:
   (b!.b?.a?.0 || a!.0)
 Solved:
  orig:
   ((b!.0 || a!.0) || b?.a?.0)
  mine:
   (((b!.0 || b?.a?.0) + a?.0) || a!.0)
PASSED:act_ver: false #deadlock: 0, exp: a?.0
PASSED:act_ver: true  #deadlock: 1, exp: a?.a!.0, resolved: (a!.0 || a?.0)
PASSED:act_ver: true  #deadlock: 0, exp: 0 || 0
PASSED:act_ver: true  #deadlock: 0, exp: a?.0 || a!.0
PASSED:act_ver: false #deadlock: 0, exp: a?.0 || b!.0
PASSED:act_ver: true  #deadlock: 0, exp: a?.b!.0 || a!.b?.0
PASSED:act_ver: true  #deadlock: 0, exp: a?.b!.c?.0 || a!.b?.c!.0
FAILED: a?.b!.c?.0 || a!.c!.b?.0 :RESOLVED
 passed_act_ver: 0: true, 1: true
 Deadlocked:
  orig:
   (c!.b?.0 || b!.c?.0)
  mine:
   (c!.b?.0 || b!.c?.0)
 Solved:
  orig:
   (a!.c!.b?.0 || a?.b!.c?.0)
  mine:
   (a!.(c!.0 || b?.0) || a?.(b!.0 || c?.0))
PASSED:act_ver: false #deadlock: 0, exp: a?.b?.0 || a!.b!.c!.0
PASSED:act_ver: false #deadlock: 0, exp: a?.0 || a!.b!.c!.0
PASSED:act_ver: false #deadlock: 0, exp: 0 || a!.b!.c!.0
PASSED:act_ver: false #deadlock: 0, exp: a!.(0 || 0) || b!.0
PASSED:act_ver: true  #deadlock: 0, exp: (a!.b?.c?.0 || a?.b!.0) || c!.0
FAILED: a!.b?.0 || a?.0 || a?.a!.b!.0 :RESOLVED
 passed_act_ver: 0: true, 1: true
 Deadlocked:
  orig:
   (b?.0 || a?.a!.b!.0)
  mine:
   (b?.0 || a?.a!.b!.0)
 Solved:
  orig:
   ((a!.b!.0 || b?.0) || a?.0)
  mine:
   (((a!.b!.0 || a!.b?.0) || a?.0) || a?.0)
PASSED:act_ver: false #deadlock: 0, exp: a!.0 || a?.0 || a?.a!.b!.0
PASSED:act_ver: true  #deadlock: 0, exp: b!.a!.0 || a?.0 || b?.0
PASSED:act_ver: true  #deadlock: 0, exp: 0 || a?.0 || a!.0
PASSED:act_ver: false #deadlock: 0, exp: a?.0 || 0 || b!.0
PASSED:act_ver: false #deadlock: 0, exp: a?.0 || 0 || a?.0
PASSED:act_ver: false #deadlock: 0, exp: a?.a?.0 || 0 || a?.b!.0
PASSED:act_ver: false #deadlock: 0, exp: a?.a?.0 || b?.c?.0 || a?.b!.0
PASSED:act_ver: true  #deadlock: 0, exp: a?.(b!.0 || c?.d?.0) || b?.0 || a!.(c!.0 || d!.0)
PASSED:act_ver: true  #deadlock: 0, exp: 0 || 0 || 0
FAILED: b!.(0 || 0) || b?.0 || b?.b!.(a!.0 || a?.0) :DEADLOCK_LIST
 passed_act_ver: 0: true, 1: true
 Deadlocked:
  orig:
   b?.b!.(a!.0 || a?.0)
  mine:
   b?.b!.(a!.0 || a?.0)
 Solved:
  orig:
   (((b!.(a!.0 || a?.0) || b!.0) || b?.0) || b?.0)
  mine:
   (((b!.(a!.0 || a?.0) || b!.0) || b?.0) || b?.0)
PASSED:act_ver: true  #deadlock: 0, exp: a!.0 || b!.0 || a?.0 || b?.0
PASSED:act_ver: true  #deadlock: 0, exp: a!.(b!.(c!.0 || d?.0) || b?.0) || a?.c?.d!.0
PASSED:act_ver: false #deadlock: 0, exp: a!.(b!.(c!.0 || d?.0) || b?.0) || a?.(c?.0 || e!.0)
PASSED:act_ver: false #deadlock: 0, exp: a!.(a!.(a?.0 || a?.0 ) || a!.0) || a?.(a?.0 || a?.0 || a!.0)
PASSED:act_ver: true  #deadlock: 0, exp: a!.(a!.(b?.0 || c?.0 )) || a?.(a?.0 || b!.0 || c!.0)
PASSED:act_ver: true  #deadlock: 0, exp: a!.b?.0 || c?.d?.a!.0 || c!.a?.0 || b!.d!.a?.0
PASSED:act_ver: true  #deadlock: 0, exp: (a!.0 || a?.0) + (b!.0 || b?.0)
PASSED:act_ver: false #deadlock: 0, exp: a!.(b?.0 + 0) || a?.b!.0
PASSED:act_ver: false #deadlock: 0, exp: a!.0 + b!.0 + c!.0
PASSED:act_ver: false #deadlock: 0, exp: (a!.0 || a?.0) + (a!.0 || a?.b?.(c?.0 + d?.0) || b!.d!.0 )
PASSED:act_ver: false #deadlock: 0, exp: (a!.0 || a?.0) + (a!.0 || a?.b?.(c?.0 + d?.0) || c!.b!.d!.0 )
PASSED:act_ver: true  #deadlock: 1, exp: b?.((d?.0 || d!.0) + (c!.0 || c?.0)) || a?.b!.a!.0, resolved: (((((d!.0 || d?.0) + (c!.0 || c?.0)) || b!.a!.0) || b?.0) || a?.0)
PASSED:act_ver: false #deadlock: 0, exp: a!.0 || a?.b!.0 || a?.b!.0 || b?.b?.0
PASSED:act_ver: false #deadlock: 0, exp: a!.a!.0 || a?.b?.0 || a?.0 + b!.0
PASSED:act_ver: false #deadlock: 0, exp: a!.0 || b!.0 || a?.c!.0 + b?.c!.0 || c?.0
PASSED:act_ver: false #deadlock: 0, exp: a!.0 || b!.0 || a?.c!.(a?.c!.0 + b?.c!.0) + b?.c!.(a?.c!.0 + b?.c!.0) || c?.c?.0
PASSED:act_ver: false #deadlock: 0, exp: a!.0 || b!.0 || a?.c!.b?.c!.0 + b?.c!.a?.c!.0 || c?.c?.0
PASSED:act_ver: false #deadlock: 0, exp: a!.0 || b!.0 || (a?.c!.0 + b!.c!.0 + 0) || (c?.0 + 0)
PASSED:act_ver: false #deadlock: 0, exp: a!.0 || b!.0 || a?.c!.(a?.c!.0 + b?.c!.0 + 0) + b?.c!.(a?.c!.0 + b?.c!.0 + 0) + 0 || c?.c?.0
PASSED:act_ver: false #deadlock: 0, exp: b!.b!.0 + b!.0 || a?.0 + b?.b?.0
PASSED:act_ver: false #deadlock: 0, exp: (b!.(b!.0 + a!.0) + a!.(b!.0 + a!.0)) || (a?.0 + b?.b?.0)
PASSED:act_ver: false #deadlock: 0, exp: b?.a!.0 + c!.0 || c?.0 + b!.a!.0 || a?.a?.0
PASSED:act_ver: false #deadlock: 0, exp: b?.a!.0 + c!.(b?.a!.0 + c!.0) || c?.(c?.0 + b!.a!.0) + b!.a!.0 || a?.a?.0
PASSED:act_ver: false #deadlock: 0, exp: a?.0 + b?.0 || a?.0 + b?.0 || a!.(a!.0 + b!.0) + b!.0
PASSED:act_ver: false #deadlock: 0, exp: a?.a!.0 + b!.a!.0 + c?.a!.0 + a!.0
PASSED:act_ver: true  #deadlock: 1, exp: b?.b!.b?.b!.0 || b?.b!.0, resolved: (((b!.(b!.0 || b?.0) || b!.0) || b?.0) || b?.0)
PASSED:act_ver: true  #deadlock: 1, exp: b!.b?.b!.b?.0 || b!.b?.0, resolved: (((b!.0 || b!.0) || b?.(b!.0 || b?.0)) || b?.0)
PASSED:act_ver: false #deadlock: 0, exp: (b!.a!.0 + b?.a!.0) + a?.0
PASSED:act_ver: false #deadlock: 0, exp: (b!.0 + a!.0) || (b?.0 + a?.0)
PASSED:act_ver: true  #deadlock: 0, exp: a!.a!.a!.b!.0 || a?.a?.a?.b?.0
PASSED:act_ver: true  #deadlock: 0, exp: (a!.0 + (b?.a!.0 || b!.0)) || a?.0
PASSED:act_ver: true  #deadlock: 0, exp: a!.0 || b!.0 || (a?.c!.b?.c!.0 + b?.c!.a?.c!.0) || c?.c?.0
PASSED:act_ver: false #deadlock: 0, exp: a!.0 || a?.b!.0 || a?.b!.0 || b?.b?.0
PASSED:act_ver: true  #deadlock: 0, exp: a!.0 || a?.b!.0 || b?.0
PASSED:act_ver: true  #deadlock: 0, exp: a?.0 || b?.c?.a!.0 || b!.0 || c!.0
PASSED:act_ver: true  #deadlock: 0, exp: a?.0 || a!.0
PASSED:act_ver: false #deadlock: 0, exp: a!.0 || b!.0 || (a?.(a?.0 + b?.0) + b?.(a?.0 + b?.0))
PASSED:act_ver: true  #deadlock: 0, exp: a!.0 || b!.0 || (a?.b?.0 + b?.a?.0)
PASSED:act_ver: false #deadlock: 0, exp: a?.b!.0 || a!.0 || a!.0 || b?.b?.0
PASSED:act_ver: false #deadlock: 0, exp: a!.a!.a!.0 || a?.a?.a?.a?.0
PASSED:act_ver: true  #deadlock: 0, exp: a!.a!.a!.0 || a?.a?.a?.0
PASSED:act_ver: false #deadlock: 0, exp: a!.0 || b!.0 || a?.c!.0 || b?.c!.0 || c?.d?.0 || a?.d!.0 || b?.d!.0
PASSED:act_ver: false #deadlock: 0, exp: a!.0 || b!.0 ||(a?.0 + b?.0)
PASSED:act_ver: false #deadlock: 0, exp: a!.a!.a!.a!.a!.a!.0 || a?.b?.c?.0 || a?.b!.a?.a?.b!.0 || b?.c!.0
PASSED:act_ver: true  #deadlock: 0, exp: a!.0 || a?.0
PASSED:act_ver: true  #deadlock: 1, exp: a!.0 & a?.0, resolved: (a!.0 + a?.0)
PASSED:act_ver: true  #deadlock: 1, exp: a!.a?.0 & a?.a!.0, resolved: ((a!.0 || a?.0) + (a!.0 || a?.0))
PASSED:act_ver: true  #deadlock: 0, exp: a!.0 || ( a?.0 & a?.0)
PASSED:act_ver: true  #deadlock: 0, exp: a!.0 || ( (a?.a?.0 || a!.0) & a?.0)
PASSED:act_ver: true  #deadlock: 1, exp: a!.0 || ( (a?.a?.0 || a!.b?.b!.0) & a?.0), resolved: (((a!.(b!.0 || b?.0) || a?.a?.0) + a?.0) || a!.0)
PASSED:act_ver: true  #deadlock: 0, exp: a?.0 || (c?.c!.a!.0 & a!.0)
PASSED:act_ver: true  #deadlock: 1, exp: a?.0 || (c?.c!.a!.0 & c?.c!.a!.0), resolved: (((c!.a!.0 || c?.0) + (c!.a!.0 || c?.0)) || a?.0)
PASSED:act_ver: true  #deadlock: 0, exp: a?.0 || ((c?.a!.0 || c!.0) & b!.b?.a!.0)
PASSED:act_ver: true  #deadlock: 0, exp: a!.0 || (a?.0 & (a?.0 + b!.b?.a?.0))
PASSED:act_ver: true  #deadlock: 1, exp: a!.0 || (a?.0 & (a?.0 + a?.b!.b?.0)), resolved: (((a?.(b!.0 || b?.0) + a?.0) + a?.0) || a!.0)
PASSED:act_ver: true  #deadlock: 2, exp: a!.0 || (a?.0 & (a?.b!.b?.0 + a?.c!.c?.0)), resolved: (((a?.(c!.0 || c?.0) + a?.(b!.0 || b?.0)) + a?.0) || a!.0)
PASSED:act_ver: true  #deadlock: 0, exp: (a!.0 + b!.0) || (b?.0 & a?.0)
PASSED:act_ver: true  #deadlock: 0, exp: (b?.0 & a?.0) || (a!.0 + b!.0)
