DEADLOCK_DETECTOR:
a!.a?.0 || (b!.x?.0 + (b?.0 + c?.0) )
 passed_act_ver: true
 Deadlocked:
   (a!.a?.0 || b?.0)
   (a!.a?.0 || c?.0)
   (b!.x?.0 || a!.a?.0)
 Solved:
   (((((b!.0 || x?.0) + c?.0) + b?.0) || a!.0) || a?.0)
 Solved2:
   (((((b!.0 || x?.0) + (c!.0 || c?.0)) + (b!.0 || b?.0)) || a!.0) || a?.0)
a!.a?.0 || (b!.0 + (b?.0 + c?.0) )
 passed_act_ver: true
 Deadlocked:
   (a!.a?.0 || b?.0)
   (a!.a?.0 || c?.0)
   (b!.0 || a!.a?.0)
 Solved:
   ((((b!.0 + c?.0) + b?.0) || a!.0) || a?.0)
 Solved2:
   ((((b!.0 + (c!.0 || c?.0)) + (b!.0 || b?.0)) || a!.0) || a?.0)
a!.0 || (b!.0 + (b?.0 + c?.0) )
 passed_act_ver: true
 Deadlocked:
   (a!.0 || b?.0)
   (a!.0 || c?.0)
   (b!.0 || a!.0)
 Solved:
   (((b!.0 + c?.0) + b?.0) || a!.0)
 Solved2:
   (((b!.0 + (c!.0 || c?.0)) + (b!.0 || b?.0)) || a!.0)
a!.0 || (b?.0 + c?.0)
 passed_act_ver: true
 Deadlocked:
   (a!.0 || b?.0)
   (a!.0 || c?.0)
 Solved:
   ((c?.0 + b?.0) || a!.0)
 Solved2:
   (((c!.0 || c?.0) + (b!.0 || b?.0)) || a!.0)
(a!.0 + a?.0) || (b?.0 + c?.0)
 passed_act_ver: true
 Deadlocked:
   (b?.0 || a?.0)
   (c?.0 || a?.0)
   (a!.0 || b?.0)
   (a!.0 || c?.0)
 Solved:
   ((c?.0 + b?.0) || (a!.0 + a?.0))
 Solved2:
   (((c!.0 || c?.0) + (b!.0 || b?.0)) || (a!.0 + (a!.0 || a?.0)))
a!.0 || a?.0
 passed_act_ver: true
 Deadlocked:
 Solved:
   (a!.0 || a?.0)
 Solved2:
   (a!.0 || a?.0)
a!.b?.0 || a?.b!.0
 passed_act_ver: true
 Deadlocked:
 Solved:
   (a!.b?.0 || a?.b!.0)
 Solved2:
   (a!.b?.0 || a?.b!.0)
(a!.0 + b!.0) || (a?.0 + b?.0)
 passed_act_ver: true
 Deadlocked:
   (b!.0 || a?.0)
   (a!.0 || b?.0)
 Solved:
   ((b!.0 + a!.0) || (b?.0 + a?.0))
 Solved2:
   ((b!.0 + a!.0) || ((b!.0 || b?.0) + (a!.0 || a?.0)))
(a!.0 || b!.0) || (a?.0 + b?.0)
 passed_act_ver: true
 Deadlocked:
   a!.0
   b!.0
 Solved:
   (((b?.0 + a?.0) || b!.0) || a!.0)
 Solved2:
   (((b?.0 + a?.0) || b!.0) || a!.0)
(a!.0 || b!.0) || (a?.b?.0 + b?.a?.0)
 passed_act_ver: true
 Deadlocked:
 Solved:
   (((b?.a?.0 + a?.b?.0) || b!.0) || a!.0)
 Solved2:
   (((b?.a?.0 + a?.b?.0) || b!.0) || a!.0)
a!.0 || (a?.0 + 0)
 passed_act_ver: true
 Deadlocked:
   a!.0
 Solved:
   (a?.0 || a!.0)
 Solved2:
   (a?.0 || a!.0)
(a!.(b!.c!.0 || b?.c?.d?.0) || a?.d!.0)
 passed_act_ver: true
 Deadlocked:
 Solved:
   (a!.(b!.c!.0 || b?.c?.d?.0) || a?.d!.0)
 Solved2:
   (a!.(b!.c!.0 || b?.c?.d?.0) || a?.d!.0)
a?.(c?.0 + d?.0) || a!.e!.0
 passed_act_ver: true
 Deadlocked:
   (e!.0 || c?.0)
   (e!.0 || d?.0)
 Solved:
   (a!.e!.0 || a?.(d?.0 + c?.0))
 Solved2:
   (a!.e!.0 || a?.((d!.0 || d?.0) + (c!.0 || c?.0)))
(a!.a?.0 || b?.b!.0) + c!.c?.0
 passed_act_ver: true
 Deadlocked:
   c!.c?.0
   (a!.a?.0 || b?.b!.0)
 Solved:
   ((c!.0 || c?.0) + (((b!.0 || a!.0) || b?.0) || a?.0))
 Solved2:
   ((c!.0 || c?.0) + (((b!.0 || a!.0) || b?.0) || a?.0))
(a!.a?.0 || b?.b!.c?.c!.0) + c!.c?.0
 passed_act_ver: true
 Deadlocked:
   c!.c?.0
   (a!.a?.0 || b?.b!.c?.c!.0)
 Solved:
   ((c!.0 || c?.0) + (((b!.(c!.0 || c?.0) || a!.0) || b?.0) || a?.0))
 Solved2:
   ((c!.0 || c?.0) + (((b!.0 || a!.0) || b?.c?.c!.0) || a?.0))
a!.0 || (b!.b?.a?.0 + a?.0)
 passed_act_ver: true
 Deadlocked:
   (b!.b?.a?.0 || a!.0)
 Solved:
   (((b!.0 || b?.a?.0) + a?.0) || a!.0)
 Solved2:
   (((b!.0 || b?.a?.0) + a?.0) || a!.0)
a?.0
 passed_act_ver: true
 Deadlocked:
   a?.0
 Solved:
   a?.0
 Solved2:
   (a!.0 || a?.0)
a?.a!.0
 passed_act_ver: true
 Deadlocked:
   a?.a!.0
 Solved:
   (a!.0 || a?.0)
 Solved2:
   (a!.0 || a?.0)
0 || 0
 passed_act_ver: true
 Deadlocked:
 Solved:
   0
 Solved2:
   0
a?.0 || a!.0
 passed_act_ver: true
 Deadlocked:
 Solved:
   (a!.0 || a?.0)
 Solved2:
   (a!.0 || a?.0)
a?.0 || b!.0
 passed_act_ver: true
 Deadlocked:
   (b!.0 || a?.0)
 Solved:
   (b!.0 || a?.0)
 Solved2:
   ((b!.0 || a!.0) || a?.0)
a?.b!.0 || a!.b?.0
 passed_act_ver: true
 Deadlocked:
 Solved:
   (a!.b?.0 || a?.b!.0)
 Solved2:
   (a!.b?.0 || a?.b!.0)
a?.b!.c?.0 || a!.b?.c!.0
 passed_act_ver: true
 Deadlocked:
 Solved:
   (a!.b?.c!.0 || a?.b!.c?.0)
 Solved2:
   (a!.b?.c!.0 || a?.b!.c?.0)
a?.b!.c?.0 || a!.c!.b?.0
 passed_act_ver: true
 Deadlocked:
   (c!.b?.0 || b!.c?.0)
 Solved:
   (a!.(c!.0 || b?.0) || a?.(b!.0 || c?.0))
 Solved2:
   (a!.(c!.0 || b?.0) || a?.(b!.0 || c?.0))
a?.b?.0 || a!.b!.c!.0
 passed_act_ver: true
 Deadlocked:
   c!.0
 Solved:
   (a!.b!.c!.0 || a?.b?.0)
 Solved2:
   (a!.b!.c!.0 || a?.b?.0)
a?.0 || a!.b!.c!.0
 passed_act_ver: true
 Deadlocked:
   b!.c!.0
 Solved:
   (a!.(c!.0 || b!.0) || a?.0)
 Solved2:
   (a!.(c!.0 || b!.0) || a?.0)
0 || a!.b!.c!.0
 passed_act_ver: true
 Deadlocked:
   a!.b!.c!.0
 Solved:
   ((c!.0 || b!.0) || a!.0)
 Solved2:
   (b!.c!.0 || a!.0)
a!.(0 || 0) || b!.0
 passed_act_ver: true
 Deadlocked:
   (b!.0 || a!.0)
 Solved:
   (b!.0 || a!.0)
 Solved2:
   (b!.0 || a!.0)
(a!.b?.c?.0 || a?.b!.0) || c!.0
 passed_act_ver: true
 Deadlocked:
 Solved:
   ((c!.0 || a!.b?.c?.0) || a?.b!.0)
 Solved2:
   ((c!.0 || a!.b?.c?.0) || a?.b!.0)
a!.b?.0 || a?.0 || a?.a!.b!.0
 passed_act_ver: true
 Deadlocked:
   (b?.0 || a?.a!.b!.0)
 Solved:
   (((a!.b!.0 || a!.b?.0) || a?.0) || a?.0)
 Solved2:
   (((a!.(b!.0 || b?.0) || a!.0) || a?.0) || a?.0)
a!.0 || a?.0 || a?.a!.b!.0
 passed_act_ver: true
 Deadlocked:
   a?.a!.b!.0
   b!.0
 Solved:
   (((a!.b!.0 || a!.0) || a?.0) || a?.0)
 Solved2:
   (((a!.0 || a!.0) || a?.b!.0) || a?.0)
b!.a!.0 || a?.0 || b?.0
 passed_act_ver: true
 Deadlocked:
 Solved:
   ((b!.a!.0 || b?.0) || a?.0)
 Solved2:
   ((b!.a!.0 || b?.0) || a?.0)
0 || a?.0 || a!.0
 passed_act_ver: true
 Deadlocked:
 Solved:
   (a!.0 || a?.0)
 Solved2:
   (a!.0 || a?.0)
a?.0 || 0 || b!.0
 passed_act_ver: true
 Deadlocked:
   (b!.0 || a?.0)
 Solved:
   (b!.0 || a?.0)
 Solved2:
   ((b!.0 || a!.0) || a?.0)
a?.0 || 0 || a?.0
 passed_act_ver: true
 Deadlocked:
   (a?.0 || a?.0)
 Solved:
   (a?.0 || a?.0)
 Solved2:
   (((a!.0 || a!.0) || a?.0) || a?.0)
a?.a?.0 || 0 || a?.b!.0
 passed_act_ver: true
 Deadlocked:
   (a?.b!.0 || a?.a?.0)
 Solved:
   (((b!.0 || a?.0) || a?.0) || a?.0)
 Solved2:
   (((a!.0 || a!.0) || a?.b!.0) || a?.a?.0)
a?.a?.0 || b?.c?.0 || a?.b!.0
 passed_act_ver: true
 Deadlocked:
   ((b?.c?.0 || a?.b!.0) || a?.a?.0)
 Solved:
   (((((b!.0 || c?.0) || b?.0) || a?.0) || a?.0) || a?.0)
 Solved2:
   (((((b!.0 || a!.0) || a!.0) || b?.c?.0) || a?.a?.0) || a?.0)
a?.(b!.0 || c?.d?.0) || b?.0 || a!.(c!.0 || d!.0)
 passed_act_ver: true
 Deadlocked:
 Solved:
   ((a!.(d!.0 || c!.0) || b?.0) || a?.(b!.0 || c?.d?.0))
 Solved2:
   ((a!.(d!.0 || c!.0) || b?.0) || a?.(b!.0 || c?.d?.0))
0 || 0 || 0
 passed_act_ver: true
 Deadlocked:
 Solved:
   0
 Solved2:
   0
b!.(0 || 0) || b?.0 || b?.b!.(a!.0 || a?.0)
 passed_act_ver: true
 Deadlocked:
   b?.b!.(a!.0 || a?.0)
 Solved:
   (((b!.(a!.0 || a?.0) || b!.0) || b?.0) || b?.0)
 Solved2:
   (((b!.0 || b!.0) || b?.(a!.0 || a?.0)) || b?.0)
a!.0 || b!.0 || a?.0 || b?.0
 passed_act_ver: true
 Deadlocked:
 Solved:
   (((b!.0 || a!.0) || b?.0) || a?.0)
 Solved2:
   (((b!.0 || a!.0) || b?.0) || a?.0)
a!.(b!.(c!.0 || d?.0) || b?.0) || a?.c?.d!.0
 passed_act_ver: true
 Deadlocked:
 Solved:
   (a!.(b!.(c!.0 || d?.0) || b?.0) || a?.c?.d!.0)
 Solved2:
   (a!.(b!.(c!.0 || d?.0) || b?.0) || a?.c?.d!.0)
a!.(b!.(c!.0 || d?.0) || b?.0) || a?.(c?.0 || e!.0)
 passed_act_ver: true
 Deadlocked:
   (e!.0 || d?.0)
 Solved:
   (a!.(b!.(c!.0 || d?.0) || b?.0) || a?.(e!.0 || c?.0))
 Solved2:
   (a!.(b!.((d!.0 || c!.0) || d?.0) || b?.0) || a?.(e!.0 || c?.0))
a!.(a!.(a?.0 || a?.0 ) || a!.0) || a?.(a?.0 || a?.0 || a!.0)
 passed_act_ver: true
 Deadlocked:
   a?.0
   a!.(a?.0 || a?.0)
 Solved:
   (a!.(((a!.0 || a!.0) || a?.0) || a?.0) || a?.((a!.0 || a?.0) || a?.0))
 Solved2:
   (((((a!.0 || a!.0) || a!.0) || a?.(((a!.0 || a!.0) || a?.0) || a?.0)) || a?.0) || a?.0)
a!.(a!.(b?.0 || c?.0 )) || a?.(a?.0 || b!.0 || c!.0)
 passed_act_ver: true
 Deadlocked:
 Solved:
   (a!.a!.(c?.0 || b?.0) || a?.((c!.0 || b!.0) || a?.0))
 Solved2:
   (a!.a!.(c?.0 || b?.0) || a?.((c!.0 || b!.0) || a?.0))
a!.b?.0 || c?.d?.a!.0 || c!.a?.0 || b!.d!.a?.0
 passed_act_ver: true
 Deadlocked:
 Solved:
   (((c!.a?.0 || b!.d!.a?.0) || a!.b?.0) || c?.d?.a!.0)
 Solved2:
   (((c!.a?.0 || b!.d!.a?.0) || a!.b?.0) || c?.d?.a!.0)
(a!.0 || a?.0) + (b!.0 || b?.0)
 passed_act_ver: true
 Deadlocked:
 Solved:
   ((b!.0 || b?.0) + (a!.0 || a?.0))
 Solved2:
   ((b!.0 || b?.0) + (a!.0 || a?.0))
a!.(b?.0 + 0) || a?.b!.0
 passed_act_ver: true
 Deadlocked:
   b!.0
 Solved:
   (a!.b?.0 || a?.b!.0)
 Solved2:
   (a!.b?.0 || a?.b!.0)
a!.0 + b!.0 + c!.0
 passed_act_ver: true
 Deadlocked:
   a!.0
   b!.0
   c!.0
 Solved:
   ((c!.0 + b!.0) + a!.0)
 Solved2:
   ((c!.0 + b!.0) + a!.0)
(a!.0 || a?.0) + (a!.0 || a?.b?.(c?.0 + d?.0) || b!.d!.0 )
 passed_act_ver: true
 Deadlocked:
   (d!.0 || c?.0)
 Solved:
   (((b!.d!.0 || a!.0) || a?.b?.(d?.0 + c?.0)) + (a!.0 || a?.0))
 Solved2:
   (((b!.d!.0 || a!.0) || a?.b?.((c!.0 || c?.0) + d?.0)) + (a!.0 || a?.0))
(a!.0 || a?.0) + (a!.0 || a?.b?.(c?.0 + d?.0) || c!.b!.d!.0 )
 passed_act_ver: true
 Deadlocked:
   (c!.b!.d!.0 || b?.(d?.0 + c?.0))
 Solved:
   ((((c!.0 || b!.d!.0) || a!.0) || a?.((d?.0 + c?.0) || b?.0)) + (a!.0 || a?.0))
 Solved2:
   ((((d!.0 || c!.0) || a!.0) || a?.(b!.0 || b?.(d?.0 + c?.0))) + (a!.0 || a?.0))
b?.((d?.0 || d!.0) + (c!.0 || c?.0)) || a?.b!.a!.0
 passed_act_ver: true
 Deadlocked:
   (b?.((d!.0 || d?.0) + (c!.0 || c?.0)) || a?.b!.a!.0)
 Solved:
   (((((d!.0 || d?.0) + (c!.0 || c?.0)) || b!.a!.0) || b?.0) || a?.0)
 Solved2:
   (((b!.0 || a!.0) || b?.((d!.0 || d?.0) + (c!.0 || c?.0))) || a?.0)
a!.0 || a?.b!.0 || a?.b!.0 || b?.b?.0
 passed_act_ver: true
 Deadlocked:
   (b?.0 || a?.b!.0)
 Solved:
   (((((b!.0 || b!.0) || a!.0) || b?.b?.0) || a?.0) || a?.0)
 Solved2:
   ((((a!.0 || a!.0) || b?.(b!.0 || b?.0)) || a?.b!.0) || a?.0)
a!.a!.0 || a?.b?.0 || a?.0 + b!.0
 passed_act_ver: true
 Deadlocked:
   b?.0
   b!.0
 Solved:
   (((a!.a!.0 || a?.b?.0) || a?.0) + b!.0)
 Solved2:
   (((a!.a!.0 || a?.(b!.0 || b?.0)) || a?.0) + b!.0)
a!.0 || b!.0 || a?.c!.0 + b?.c!.0 || c?.0
 passed_act_ver: true
 Deadlocked:
   (c?.0 || b?.c!.0)
   (c!.0 || b!.0)
 Solved:
   (((c!.0 || c?.0) || b?.0) + ((b!.0 || a!.0) || a?.c!.0))
 Solved2:
   ((((c!.0 || b!.0) || c?.0) || b?.0) + ((b!.0 || a!.0) || a?.c!.0))
a!.0 || b!.0 || a?.c!.(a?.c!.0 + b?.c!.0) + b?.c!.(a?.c!.0 + b?.c!.0) || c?.c?.0
 passed_act_ver: true
 Deadlocked:
   (c?.c?.0 || b?.c!.(b?.c!.0 + a?.c!.0))
   (c!.(b?.c!.0 + a?.c!.0) || b!.0)
 Solved:
   ((((c!.((c!.0 || b?.0) + (c!.0 || a?.0)) || c?.0) || c?.0) || b?.0) + ((b!.0 || a!.0) || a?.(((c!.0 || a?.0) + b?.c!.0) || c!.0)))
 Solved2:
   ((((c!.0 || b!.0) || c?.c?.0) || b?.(b?.c!.0 + a?.c!.0)) + ((b!.0 || a!.0) || a?.((b?.c!.0 + a?.c!.0) || c!.0)))
a!.0 || b!.0 || a?.c!.b?.c!.0 + b?.c!.a?.c!.0 || c?.c?.0
 passed_act_ver: true
 Deadlocked:
   (c?.c?.0 || b?.c!.a?.c!.0)
   (c!.b?.c!.0 || b!.0)
 Solved:
   ((((c!.(c!.0 || a?.0) || c?.0) || c?.0) || b?.0) + ((b!.0 || a!.0) || a?.(c!.0 || b?.c!.0)))
 Solved2:
   ((((c!.0 || b!.0) || c?.c?.0) || b?.a?.c!.0) + ((b!.0 || a!.0) || a?.(c!.0 || b?.c!.0)))
a!.0 || b!.0 || (a?.c!.0 + b!.c!.0 + 0) || (c?.0 + 0)
 passed_act_ver: true
 Deadlocked:
   b!.0
   ((b!.0 || a!.0) || c?.0)
   (b!.0 || a!.0)
   (c!.0 || b!.0)
 Solved:
   (((c?.0 || (b!.c!.0 + a?.c!.0)) || b!.0) || a!.0)
 Solved2:
   ((((c!.0 || c?.0) || (b!.0 + a?.c!.0)) || b!.0) || a!.0)
a!.0 || b!.0 || a?.c!.(a?.c!.0 + b?.c!.0 + 0) + b?.c!.(a?.c!.0 + b?.c!.0 + 0) + 0 || c?.c?.0
 passed_act_ver: true
 Deadlocked:
   b?.c!.(b?.c!.0 + a?.c!.0)
   c?.c?.0
   (c!.(b?.c!.0 + a?.c!.0) || b!.0)
 Solved:
   (((c?.0 || c?.0) + (((b?.c!.0 + a?.c!.0) || c!.0) || b?.0)) + ((b!.0 || a!.0) || a?.((b?.c!.0 + a?.c!.0) || c!.0)))
 Solved2:
   (((c!.0 || c?.c?.0) + (b!.0 || b?.(b?.c!.0 + a?.c!.0))) + ((b!.0 || a!.0) || a?.((b?.c!.0 + a?.c!.0) || c!.0)))
b!.b!.0 + b!.0 || a?.0 + b?.b?.0
 passed_act_ver: true
 Deadlocked:
   b?.b?.0
   b!.b!.0
   (b!.0 || a?.0)
 Solved:
   (((b!.0 || b!.0) + (b?.0 || b?.0)) + (b!.0 || a?.0))
 Solved2:
   (((b!.0 || b?.b?.0) + ((b!.0 || a!.0) || a?.0)) + b!.0)
(b!.(b!.0 + a!.0) + a!.(b!.0 + a!.0)) || (a?.0 + b?.b?.0)
 passed_act_ver: true
 Deadlocked:
   a!.0
   b!.0
   (b!.(b!.0 + a!.0) || a?.0)
   (a!.0 || b?.0)
   (a!.(b!.0 + a!.0) || b?.b?.0)
 Solved:
   ((((b!.0 + a!.0) || b!.0) + ((b!.0 + a!.0) || a!.0)) || ((b?.0 || b?.0) + a?.0))
 Solved2:
   (((a!.0 || b!.0) + ((b!.0 + a!.0) || a!.0)) || ((b!.0 || b?.(b!.0 || b?.0)) + (a!.0 || a?.0)))
b?.a!.0 + c!.0 || c?.0 + b!.a!.0 || a?.a?.0
 passed_act_ver: true
 Deadlocked:
   b?.a!.0
   (b!.a!.0 || a?.a?.0)
 Solved:
   (((c!.0 || c?.0) + (a!.0 || b?.0)) + (((b!.0 || a!.0) || a?.0) || a?.0))
 Solved2:
   (((c!.0 || c?.0) + (b!.0 || b?.a!.0)) + ((b!.0 || a!.0) || a?.a?.0))
b?.a!.0 + c!.(b?.a!.0 + c!.0) || c?.(c?.0 + b!.a!.0) + b!.a!.0 || a?.a?.0
 passed_act_ver: true
 Deadlocked:
   b?.a!.0
   (b!.a!.0 || a?.a?.0)
   (c?.0 || b?.a!.0)
   (a!.0 || a!.0)
   (c!.0 || b!.a!.0)
 Solved:
   (((c!.((a!.0 || b?.0) + c!.0) || c?.((b!.0 || a!.0) + c?.0)) + (a!.0 || b?.0)) + (((b!.0 || a!.0) || a?.0) || a?.0))
 Solved2:
   ((((c!.0 + (b!.0 || b?.a!.0)) || c?.((b!.0 || a!.0) + (c!.0 || c?.0))) + (b!.0 || b?.a!.0)) + ((b!.0 || a!.0) || a?.a?.0))
a?.0 + b?.0 || a?.0 + b?.0 || a!.(a!.0 + b!.0) + b!.0
 passed_act_ver: true
 Deadlocked:
   a?.0
   b!.0
   (b?.0 || a?.0)
   (a!.(b!.0 + a!.0) || b?.0)
 Solved:
   ((((((b!.0 + a!.0) || a!.0) || b?.0) + (b?.0 || a?.0)) + b!.0) + a?.0)
 Solved2:
   ((((((0 || b!.0) || a!.0) || b?.0) + (a!.0 || a?.0)) + (((b!.0 || a!.0) || b?.0) || a?.0)) + b!.0)
a?.a!.0 + b!.a!.0 + c?.a!.0 + a!.0
 passed_act_ver: true
 Deadlocked:
   a?.a!.0
   c?.a!.0
   a!.0
   b!.a!.0
 Solved:
   ((((b!.0 || a!.0) + (a!.0 || c?.0)) + (a!.0 || a?.0)) + a!.0)
 Solved2:
   ((((b!.0 || a!.0) + (c!.0 || c?.0)) + (a!.0 || a?.a!.0)) + a!.0)
b?.b!.b?.b!.0 || b?.b!.0
 passed_act_ver: true
 Deadlocked:
   (b?.b!.b?.b!.0 || b?.b!.0)
 Solved:
   (((b!.(b!.0 || b?.0) || b!.0) || b?.0) || b?.0)
 Solved2:
   (((b!.0 || b!.0) || b?.b?.b!.0) || b?.0)
b!.b?.b!.b?.0 || b!.b?.0
 passed_act_ver: true
 Deadlocked:
   (b!.b?.b!.b?.0 || b!.b?.0)
 Solved:
   (((b!.0 || b!.0) || b?.(b!.0 || b?.0)) || b?.0)
 Solved2:
   (((b!.0 || b!.0) || b?.b!.b?.0) || b?.0)
(b!.a!.0 + b?.a!.0) + a?.0
 passed_act_ver: true
 Deadlocked:
   a?.0
   b?.a!.0
   b!.a!.0
 Solved:
   (((b!.0 || a!.0) + (a!.0 || b?.0)) + a?.0)
 Solved2:
   (((b!.0 || a!.0) + (b!.0 || b?.0)) + (a!.0 || a?.0))
(b!.0 + a!.0) || (b?.0 + a?.0)
 passed_act_ver: true
 Deadlocked:
   (b!.0 || a?.0)
   (a!.0 || b?.0)
 Solved:
   ((b!.0 + a!.0) || (b?.0 + a?.0))
 Solved2:
   ((b!.0 + a!.0) || ((b!.0 || b?.0) + (a!.0 || a?.0)))
a!.a!.a!.b!.0 || a?.a?.a?.b?.0
 passed_act_ver: true
 Deadlocked:
 Solved:
   (a!.a!.a!.b!.0 || a?.a?.a?.b?.0)
 Solved2:
   (a!.a!.a!.b!.0 || a?.a?.a?.b?.0)
(a!.0 + (b?.a!.0 || b!.0)) || a?.0
 passed_act_ver: true
 Deadlocked:
 Solved:
   (((b!.0 || b?.a!.0) + a!.0) || a?.0)
 Solved2:
   (((b!.0 || b?.a!.0) + a!.0) || a?.0)
a!.0 || b!.0 || (a?.c!.b?.c!.0 + b?.c!.a?.c!.0) || c?.c?.0
 passed_act_ver: true
 Deadlocked:
 Solved:
   ((((b?.c!.a?.c!.0 + a?.c!.b?.c!.0) || b!.0) || a!.0) || c?.c?.0)
 Solved2:
   ((((b?.c!.a?.c!.0 + a?.c!.b?.c!.0) || b!.0) || a!.0) || c?.c?.0)
a!.0 || a?.b!.0 || a?.b!.0 || b?.b?.0
 passed_act_ver: true
 Deadlocked:
   (b?.0 || a?.b!.0)
 Solved:
   (((((b!.0 || b!.0) || a!.0) || b?.b?.0) || a?.0) || a?.0)
 Solved2:
   ((((a!.0 || a!.0) || b?.(b!.0 || b?.0)) || a?.b!.0) || a?.0)
a!.0 || a?.b!.0 || b?.0
 passed_act_ver: true
 Deadlocked:
 Solved:
   ((a!.0 || b?.0) || a?.b!.0)
 Solved2:
   ((a!.0 || b?.0) || a?.b!.0)
a?.0 || b?.c?.a!.0 || b!.0 || c!.0
 passed_act_ver: true
 Deadlocked:
 Solved:
   (((c!.0 || b!.0) || b?.c?.a!.0) || a?.0)
 Solved2:
   (((c!.0 || b!.0) || b?.c?.a!.0) || a?.0)
a?.0 || a!.0
 passed_act_ver: true
 Deadlocked:
 Solved:
   (a!.0 || a?.0)
 Solved2:
   (a!.0 || a?.0)
a!.0 || b!.0 || (a?.(a?.0 + b?.0) + b?.(a?.0 + b?.0))
 passed_act_ver: true
 Deadlocked:
   (b!.0 || a?.0)
   (a!.0 || b?.0)
 Solved:
   (((b?.(b?.0 + a?.0) + a?.(b?.0 + a?.0)) || b!.0) || a!.0)
 Solved2:
   (((b?.((b!.0 || b?.0) + a?.0) + a?.((a!.0 || a?.0) + b?.0)) || b!.0) || a!.0)
a!.0 || b!.0 || (a?.b?.0 + b?.a?.0)
 passed_act_ver: true
 Deadlocked:
 Solved:
   (((b?.a?.0 + a?.b?.0) || b!.0) || a!.0)
 Solved2:
   (((b?.a?.0 + a?.b?.0) || b!.0) || a!.0)
a?.b!.0 || a!.0 || a!.0 || b?.b?.0
 passed_act_ver: true
 Deadlocked:
   (a!.0 || b?.0)
 Solved:
   (((a!.0 || a!.0) || b?.b?.0) || a?.b!.0)
 Solved2:
   (((a!.0 || a!.0) || b?.(b!.0 || b?.0)) || a?.0)
a!.a!.a!.0 || a?.a?.a?.a?.0
 passed_act_ver: true
 Deadlocked:
   a?.0
 Solved:
   (a!.a!.a!.0 || a?.a?.a?.a?.0)
 Solved2:
   (a!.a!.0 || a?.a?.a?.(a!.0 || a?.0))
a!.a!.a!.0 || a?.a?.a?.0
 passed_act_ver: true
 Deadlocked:
 Solved:
   (a!.a!.a!.0 || a?.a?.a?.0)
 Solved2:
   (a!.a!.a!.0 || a?.a?.a?.0)
a!.0 || b!.0 || a?.c!.0 || b?.c!.0 || c?.d?.0 || a?.d!.0 || b?.d!.0
 passed_act_ver: true
 Deadlocked:
   ((((d!.0 || d!.0) || c?.d?.0) || b?.c!.0) || a?.c!.0)
   (b?.d!.0 || a?.c!.0)
   (b?.c!.0 || a?.d!.0)
   (((c!.0 || d?.0) || b?.d!.0) || a?.d!.0)
 Solved:
   (((((((((((d!.0 || d!.0) || c!.0) || c!.0) || b!.0) || a!.0) || d?.0) || c?.0) || b?.0) || b?.0) || a?.0) || a?.0)
 Solved2:
   (((((((((c!.0 || b!.0) || b!.0) || a!.0) || a!.0) || c?.(d!.0 || d?.0)) || b?.d!.0) || b?.c!.0) || a?.d!.0) || a?.c!.0)
a!.0 || b!.0 ||(a?.0 + b?.0)
 passed_act_ver: true
 Deadlocked:
   a!.0
   b!.0
 Solved:
   (((b?.0 + a?.0) || b!.0) || a!.0)
 Solved2:
   (((b?.0 + a?.0) || b!.0) || a!.0)
a!.a!.a!.a!.a!.a!.0 || a?.b?.c?.0 || a?.b!.a?.a?.b!.0 || b?.c!.0
 passed_act_ver: true
 Deadlocked:
   a!.a!.0
 Solved:
   (((a!.a!.a!.a!.(a!.0 || a!.0) || b?.c!.0) || a?.b!.a?.a?.b!.0) || a?.b?.c?.0)
 Solved2:
   (((a!.a!.a!.a!.(a!.0 || a!.0) || b?.c!.0) || a?.b!.a?.a?.b!.0) || a?.b?.c?.0)
a!.0 || a?.0
 passed_act_ver: true
 Deadlocked:
 Solved:
   (a!.0 || a?.0)
 Solved2:
   (a!.0 || a?.0)
a!.0 & a?.0
 passed_act_ver: true
 Deadlocked:
   (a!.0 & a?.0)
 Solved:
   (a!.0 & a?.0)
 Solved2:
   ((a!.0 || a?.0) & a!.0)
a!.a?.0 & a?.a!.0
 passed_act_ver: true
 Deadlocked:
   (a!.a?.0 & a?.a!.0)
 Solved:
   ((a!.0 || a?.0) & (a!.0 || a?.0))
 Solved2:
   ((a!.0 || a?.0) & (a!.0 || a?.0))
a!.0 || ( a?.0 & a?.0)
 passed_act_ver: true
 Deadlocked:
 Solved:
   ((a?.0 & a?.0) || a!.0)
 Solved2:
   ((a?.0 & a?.0) || a!.0)
a!.0 || ( (a?.a?.0 || a!.0) & a?.0)
 passed_act_ver: true
 Deadlocked:
 Solved:
   (((a!.0 || a?.a?.0) & a?.0) || a!.0)
 Solved2:
   (((a!.0 || a?.a?.0) & a?.0) || a!.0)
a!.0 || ( (a?.a?.0 || a!.b?.b!.0) & a?.0)
 passed_act_ver: true
 Deadlocked:
   b?.b!.0
 Solved:
   (((a!.(b!.0 || b?.0) || a?.a?.0) & a?.0) || a!.0)
 Solved2:
   (((a!.(b!.0 || b?.0) || a?.a?.0) & a?.0) || a!.0)
a?.0 || (c?.c!.a!.0 & a!.0)
 passed_act_ver: true
 Deadlocked:
 Solved:
   ((a!.0 & c?.c!.a!.0) || a?.0)
 Solved2:
   ((a!.0 & c?.c!.a!.0) || a?.0)
a?.0 || (c?.c!.a!.0 & c?.c!.a!.0)
 passed_act_ver: true
 Deadlocked:
   ((c?.c!.a!.0 & c?.c!.a!.0) || a?.0)
 Solved:
   (((c!.a!.0 || c?.0) & (c!.a!.0 || c?.0)) || a?.0)
 Solved2:
   ((((c!.0 || c?.a!.0) & (c!.0 || c?.0)) || a!.0) || a?.0)
a?.0 || ((c?.a!.0 || c!.0) & b!.b?.a!.0)
 passed_act_ver: true
 Deadlocked:
 Solved:
   (((c!.0 || c?.a!.0) & b!.b?.a!.0) || a?.0)
 Solved2:
   (((c!.0 || c?.a!.0) & b!.b?.a!.0) || a?.0)
a!.0 || (a?.0 & (a?.0 + b!.b?.a?.0))
 passed_act_ver: true
 Deadlocked:
 Solved:
   (((b!.b?.a?.0 + a?.0) & a?.0) || a!.0)
 Solved2:
   (((b!.b?.a?.0 + a?.0) & a?.0) || a!.0)
a!.0 || (a?.0 & (a?.0 + a?.b!.b?.0))
 passed_act_ver: true
 Deadlocked:
   b!.b?.0
 Solved:
   (((a?.(b!.0 || b?.0) + a?.0) & a?.0) || a!.0)
 Solved2:
   (((a?.(b!.0 || b?.0) + a?.0) & a?.0) || a!.0)
a!.0 || (a?.0 & (a?.b!.b?.0 + a?.c!.c?.0))
 passed_act_ver: true
 Deadlocked:
   b!.b?.0
   c!.c?.0
 Solved:
   (((a?.(c!.0 || c?.0) + a?.(b!.0 || b?.0)) & a?.0) || a!.0)
 Solved2:
   (((a?.(c!.0 || c?.0) + a?.(b!.0 || b?.0)) & a?.0) || a!.0)
(a!.0 + b!.0) || (b?.0 & a?.0)
 passed_act_ver: true
 Deadlocked:
 Solved:
   ((b?.0 & a?.0) || (b!.0 + a!.0))
 Solved2:
   ((b?.0 & a?.0) || (b!.0 + a!.0))
(b?.0 & a?.0) || (a!.0 + b!.0)
 passed_act_ver: true
 Deadlocked:
 Solved:
   ((b?.0 & a?.0) || (b!.0 + a!.0))
 Solved2:
   ((b?.0 & a?.0) || (b!.0 + a!.0))
