MAIN_ACT_VERIFIER:
PASS: 3 3 a!.a?.0 || (b!.x?.0 + (b?.0 + c?.0) )
PASS: 3 3 a!.a?.0 || (b!.0 + (b?.0 + c?.0) )
PASS: 3 3 a!.0 || (b!.0 + (b?.0 + c?.0) )
PASS: 2 2 a!.0 || (b?.0 + c?.0)
PASS: 4 4 (a!.0 + a?.0) || (b?.0 + c?.0)
PASS: 1 0 a!.0 || a?.0
PASS: 1 0 a!.b?.0 || a?.b!.0
PASS: 4 2 (a!.0 + b!.0) || (a?.0 + b?.0)
PASS: 2 2 (a!.0 || b!.0) || (a?.0 + b?.0)
PASS: 2 0 (a!.0 || b!.0) || (a?.b?.0 + b?.a?.0)
PASS: 2 1 a!.0 || (a?.0 + 0)
FAIL: (a!.(b!.c!.0 || b?.c?.d?.0) || a?.d!.0)
 RES0:
  LAMBDA 0: (a!.(b!.c!.0 || b?.c?.d?.0) || a?.d!.0)
  ETAS 0: 
  HAS MISSING ACTS: false
 RES1:
  LAMBDA 0: ((a!.b!.c!.0 || b?.c?.d?.0) || a?.d!.0)
  ETAS 0: 
  HAS MISSING ACTS: false
PASS: 2 2 a?.(c?.0 + d?.0) || a!.e!.0
